\BOOKMARK [-1][-]{part.1}{\376\377\000I\000\040\133\346\232\127\116\000\060\001\145\170\144\332\136\253\202\007\210\150\166\204\127\372\147\054\144\315\117\134}{}% 1
\BOOKMARK [0][-]{section.0.1}{\376\377\133\346\232\127\166\356\166\204}{part.1}% 2
